// Jest Snapshot v1, https://goo.gl/fbAQLP

exports[`MyProfile Component test Should render correctly 1`] = `
<div
  className="container"
>
  <div
    className="grid gap-lg"
  >
    <div
      className="col-6"
    >
      <h3>
        My Missions
      </h3>
      <table
        className="border width-100%"
      >
        <tbody />
      </table>
    </div>
    <div
      className="col-6"
    >
      <h3>
        My Rockets
      </h3>
      <table
        className="border width-100%"
      >
        <tbody />
      </table>
    </div>
  </div>
</div>
`;
