// Jest Snapshot v1, https://goo.gl/fbAQLP

exports[`Rocket Component test Should render correctly 1`] = `
<div
  className="container margin-y-sm"
/>
`;
